(venv) (base) mohammedel-jarad@Mohammeds-MacBook-Air pythonProject % pwd
/Users/mohammedel-jarad/PycharmProjects/pythonProject
(venv) (base) mohammedel-jarad@Mohammeds-MacBook-Air pythonProject % ls
main.py venv
(venv) (base) mohammedel-jarad@Mohammeds-MacBook-Air pythonProject % cd venv
(venv) (base) mohammedel-jarad@Mohammeds-MacBook-Air venv % ls
T47.py          bin             byb_project     lib             menu.py         pyvenv.cfg      task1_project
(venv) (base) mohammedel-jarad@Mohammeds-MacBook-Air venv % cd byb_project
(venv) (base) mohammedel-jarad@Mohammeds-MacBook-Air byb_project % pwd
/Users/mohammedel-jarad/PycharmProjects/pythonProject/venv/byb_project
(venv) (base) mohammedel-jarad@Mohammeds-MacBook-Air byb_project % git init
Initialized empty Git repository in /Users/mohammedel-jarad/PycharmProjects/pythonProject/venv/byb_project/.git/
(venv) (base) mohammedel-jarad@Mohammeds-MacBook-Air byb_project % git status
On branch master

No commits yet

Untracked files:
  (use "git add <file>..." to include in what will be committed)

        helloWorld.py

nothing added to commit but untracked files present (use "git add" to track)
(venv) (base) mohammedel-jarad@Mohammeds-MacBook-Air byb_project % git add HelloWorld.py
(venv) (base) mohammedel-jarad@Mohammeds-MacBook-Air byb_project % git status
On branch master

No commits yet

Untracked files:
  (use "git add <file>..." to include in what will be committed)

        helloWorld.py

nothing added to commit but untracked files present (use "git add" to track)
(venv) (base) mohammedel-jarad@Mohammeds-MacBook-Air byb_project % git add helloWorld.py
(venv) (base) mohammedel-jarad@Mohammeds-MacBook-Air byb_project % git status
On branch master

No commits yet

Changes to be committed:
  (use "git rm --cached <file>..." to unstage)

        new file:   helloWorld.py

(venv) (base) mohammedel-jarad@Mohammeds-MacBook-Air byb_project % git status
On branch master

No commits yet

Changes to be committed:
  (use "git rm --cached <file>..." to unstage)

        new file:   helloWorld.py

Changes not staged for commit:
  (use "git add <file>..." to update what will be committed)
  (use "git checkout -- <file>..." to discard changes in working directory)

        modified:   helloWorld.py

(venv) (base) mohammedel-jarad@Mohammeds-MacBook-Air byb_project % git add helloWorld.py
(venv) (base) mohammedel-jarad@Mohammeds-MacBook-Air byb_project % git status
On branch master

No commits yet

Changes to be committed:
  (use "git rm --cached <file>..." to unstage)

        new file:   helloWorld.py

(venv) (base) mohammedel-jarad@Mohammeds-MacBook-Air byb_project % git commit -m "the helloWorld.py message has been changed from 'Hello world!' to 'Git is awesome!'"
[master (root-commit) e95a554] the helloWorld.py message has been changed from 'Hello world!' to 'Git is awesome!'
 1 file changed, 1 insertion(+)
 create mode 100644 helloWorld.py
(venv) (base) mohammedel-jarad@Mohammeds-MacBook-Air byb_project % git status
On branch master
nothing to commit, working tree clean
(venv) (base) mohammedel-jarad@Mohammeds-MacBook-Air byb_project % git remote add origin github.com/meljarad/byb_project.git 
(venv) (base) mohammedel-jarad@Mohammeds-MacBook-Air byb_project % git push -u origin master
fatal: 'github.com/meljarad/byb_project.git' does not appear to be a git repository
fatal: Could not read from remote repository.

Please make sure you have the correct access rights
and the repository exists.
(venv) (base) mohammedel-jarad@Mohammeds-MacBook-Air byb_project % git remote add origin https://github.com/meljarad/byb_project.git        
fatal: remote origin already exists.
(venv) (base) mohammedel-jarad@Mohammeds-MacBook-Air byb_project % git push -u origin master
fatal: 'github.com/meljarad/byb_project.git' does not appear to be a git repository
fatal: Could not read from remote repository.

Please make sure you have the correct access rights
and the repository exists.